mpp[2465]: mpp_buffer: mpi_buf_id = 173, dma_buf_fd = 5

mpp[2465]: mpp_buffer: mpi_buf_id = 174, dma_buf_fd = 7

mpp[2465]: mpp_info: mpp version: 16e796a4 author: hdl           2024-02-20 [venc540c]: Adding scene_mode of IPC_PTZ.

live camera MP4 test
device       : /dev/video11
output       : output_camera_100.mp4
resolution   : 2304x1296 NV12
frame rate   : 25 fps
bit rate     : 4000000 bps
expected NV12: 4478976 bytes/frame
frame count  : 100
warmup frames: 5
raw NV12 intermediate files: disabled
raw H264 intermediate files: disabled
capture format: 2304x1296 fourcc=NV12 planes=1 bytesperline=2304 sizeimage=4478976
warning: VIDIOC_S_PARM 25 fps failed: Inappropriate ioctl for device
capture frame interval: 1/0 s (0.00 fps)
capture buffer 0: addr=0xa6811000 length=4478976
capture buffer 1: addr=0xa63cb000 length=4478976
capture buffer 2: addr=0xa5f85000 length=4478976
capture buffer 3: addr=0xa5b3f000 length=4478976
warmup frame 1/0: sequence=4478976 size=2800805872
warmup frame 2/1: sequence=4478976 size=2800805872
warmup frame 3/2: sequence=4478976 size=2800805872
warmup frame 4/3: sequence=4478976 size=2800805872
warmup frame 5/4: sequence=4478976 size=2800805872
MPP encoder build: stable-vendor-packet-v8
NV12 visible_size=4478976 allocated_buffer_size=4644864
pre-create frm_buf ret=0 buf=0x2c1c0 ptr=0xa56d1000
pre-create auxiliary buf ret=0 buf=0x2c260 ptr=0xa5263000
before mpp_create
after mpp_create: ret=0 ctx=0x2c300 mpi=0xa6ef739c
MppApi sizeof=132 api_size=132 version=0 release_packet=0xa6eca9c4
after mpp_init_ext: ret=0
MPP_SET_OUTPUT_TIMEOUT ret=0
MPP encoder init success
MP4 muxer init success: id=0 output=output_camera_100.mp4
MP4 video parameter: codec=H.264 format=NV12 size=2304x1296 fps=25 bitrate=4000000 profile=66 level=52
start encode NV12 with RV1106 vendor packet ABI, frame=0
encode_put_frame ret=0
encode_get_packet ret=0 handle=0xaec7f958 expected=0xaec7f958
vendor packet: mpi_buf_id=177 len=45329 buf_size=1495040 offset=0 data_num=1 flag=0x00000010 pts=0
valloc packet buffer: mpi_buf_id=177 dma_buf_fd=10 size=0
H264 first bytes: 00 00 00 01 67 42 c0 32 8d 8d 50 12 00 51 90 80
encode_release_packet ret=0
MP4 frame 1/100: sequence=5 pts=0 us key=1 nv12=4478976 h264=45329 acquire=25.177 ms encode=31.005 ms mux=1.803 ms
start encode NV12 with RV1106 vendor packet ABI, frame=1
encode_put_frame ret=0
encode_get_packet ret=0 handle=0xaec7f958 expected=0xaec7f958
vendor packet: mpi_buf_id=177 len=901 buf_size=1495040 offset=45440 data_num=1 flag=0x00000000 pts=1
valloc packet buffer: mpi_buf_id=177 dma_buf_fd=11 size=0
H264 first bytes: 00 00 00 01 41 e0 00 20 00 46 17 07 95 84 f3 40
encode_release_packet ret=0
MP4 frame 2/100: sequence=6 pts=40000 us key=0 nv12=4478976 h264=901 acquire=6.677 ms encode=30.214 ms mux=0.060 ms
start encode NV12 with RV1106 vendor packet ABI, frame=2
encode_put_frame ret=0
encode_get_packet ret=0 handle=0xaec7f958 expected=0xaec7f958
vendor packet: mpi_buf_id=177 len=1592 buf_size=1495040 offset=46464 data_num=1 flag=0x00000000 pts=2
valloc packet buffer: mpi_buf_id=177 dma_buf_fd=11 size=0
H264 first bytes: 00 00 00 01 41 e0 00 40 00 86 3c 11 6a 0b f3 40
encode_release_packet ret=0
MP4 frame 3/100: sequence=7 pts=80000 us key=0 nv12=4478976 h264=1592 acquire=9.222 ms encode=26.272 ms mux=0.062 ms
start encode NV12 with RV1106 vendor packet ABI, frame=3
encode_put_frame ret=0
encode_get_packet ret=0 handle=0xaec7f958 expected=0xaec7f958
vendor packet: mpi_buf_id=177 len=2503 buf_size=1495040 offset=48128 data_num=1 flag=0x00000000 pts=3
valloc packet buffer: mpi_buf_id=177 dma_buf_fd=11 size=0
H264 first bytes: 00 00 00 01 41 e0 00 60 00 c6 1f 05 d9 a0 7d a5
encode_release_packet ret=0
MP4 frame 4/100: sequence=8 pts=120000 us key=0 nv12=4478976 h264=2503 acquire=13.193 ms encode=26.818 ms mux=0.074 ms
start encode NV12 with RV1106 vendor packet ABI, frame=4
encode_put_frame ret=0
encode_get_packet ret=0 handle=0xaec7f958 expected=0xaec7f958
vendor packet: mpi_buf_id=177 len=4847 buf_size=1495040 offset=50688 data_num=1 flag=0x00000000 pts=4
valloc packet buffer: mpi_buf_id=177 dma_buf_fd=11 size=0
H264 first bytes: 00 00 00 01 41 e0 00 80 01 06 0b c1 86 a2 f3 42
encode_release_packet ret=0
MP4 frame 5/100: sequence=9 pts=160000 us key=0 nv12=4478976 h264=4847 acquire=12.624 ms encode=26.266 ms mux=0.094 ms
start encode NV12 with RV1106 vendor packet ABI, frame=5
encode_put_frame ret=0
encode_get_packet ret=0 handle=0xaec7f958 expected=0xaec7f958
vendor packet: mpi_buf_id=177 len=4452 buf_size=1495040 offset=55552 data_num=1 flag=0x00000000 pts=5
valloc packet buffer: mpi_buf_id=177 dma_buf_fd=11 size=0
H264 first bytes: 00 00 00 01 41 e0 00 a0 01 46 0b c1 15 29 b5 13
encode_release_packet ret=0
MP4 frame 6/100: sequence=10 pts=200000 us key=0 nv12=4478976 h264=4452 acquire=13.049 ms encode=26.786 ms mux=0.091 ms
start encode NV12 with RV1106 vendor packet ABI, frame=6
encode_put_frame ret=0
encode_get_packet ret=0 handle=0xaec7f958 expected=0xaec7f958
vendor packet: mpi_buf_id=177 len=6441 buf_size=1495040 offset=60032 data_num=1 flag=0x00000000 pts=6
valloc packet buffer: mpi_buf_id=177 dma_buf_fd=11 size=0
H264 first bytes: 00 00 00 01 41 e0 00 c0 01 86 0f c3 bb 42 7a 49
encode_release_packet ret=0
MP4 frame 7/100: sequence=11 pts=240000 us key=0 nv12=4478976 h264=6441 acquire=12.638 ms encode=26.238 ms mux=0.115 ms
start encode NV12 with RV1106 vendor packet ABI, frame=7
encode_put_frame ret=0
encode_get_packet ret=0 handle=0xaec7f958 expected=0xaec7f958
vendor packet: mpi_buf_id=177 len=6018 buf_size=1495040 offset=66560 data_num=1 flag=0x00000000 pts=7
valloc packet buffer: mpi_buf_id=177 dma_buf_fd=11 size=0
H264 first bytes: 00 00 00 01 41 e0 00 e0 01 c6 0f c1 26 bf 26 af
encode_release_packet ret=0
MP4 frame 8/100: sequence=12 pts=280000 us key=0 nv12=4478976 h264=6018 acquire=13.162 ms encode=26.872 ms mux=0.114 ms
start encode NV12 with RV1106 vendor packet ABI, frame=8
encode_put_frame ret=0
encode_get_packet ret=0 handle=0xaec7f958 expected=0xaec7f958
vendor packet: mpi_buf_id=177 len=6251 buf_size=1495040 offset=72704 data_num=1 flag=0x00000000 pts=8
valloc packet buffer: mpi_buf_id=177 dma_buf_fd=11 size=0
H264 first bytes: 00 00 00 01 41 e0 01 00 02 06 0f c1 4e be 84 bd
encode_release_packet ret=0
MP4 frame 9/100: sequence=13 pts=320000 us key=0 nv12=4478976 h264=6251 acquire=12.532 ms encode=26.225 ms mux=0.111 ms
start encode NV12 with RV1106 vendor packet ABI, frame=9
encode_put_frame ret=0
encode_get_packet ret=0 handle=0xaec7f958 expected=0xaec7f958
vendor packet: mpi_buf_id=177 len=9869 buf_size=1495040 offset=78976 data_num=1 flag=0x00000000 pts=9
valloc packet buffer: mpi_buf_id=177 dma_buf_fd=11 size=0
H264 first bytes: 00 00 00 01 41 e0 01 20 02 46 04 f0 41 51 82 6a
encode_release_packet ret=0
MP4 frame 10/100: sequence=14 pts=360000 us key=0 nv12=4478976 h264=9869 acquire=13.185 ms encode=27.053 ms mux=0.148 ms
start encode NV12 with RV1106 vendor packet ABI, frame=10
encode_put_frame ret=0
encode_get_packet ret=0 handle=0xaec7f958 expected=0xaec7f958
vendor packet: mpi_buf_id=177 len=12088 buf_size=1495040 offset=88960 data_num=1 flag=0x00000000 pts=10
valloc packet buffer: mpi_buf_id=177 dma_buf_fd=11 size=0
H264 first bytes: 00 00 00 01 41 e0 01 40 02 86 05 f3 f4 27 be af
encode_release_packet ret=0
MP4 frame 11/100: sequence=15 pts=400000 us key=0 nv12=4478976 h264=12088 acquire=12.322 ms encode=26.265 ms mux=0.201 ms
start encode NV12 with RV1106 vendor packet ABI, frame=11
encode_put_frame ret=0
encode_get_packet ret=0 handle=0xaec7f958 expected=0xaec7f958
vendor packet: mpi_buf_id=177 len=13224 buf_size=1495040 offset=101120 data_num=1 flag=0x00000000 pts=11
valloc packet buffer: mpi_buf_id=177 dma_buf_fd=11 size=0
H264 first bytes: 00 00 00 01 41 e0 01 60 02 c6 05 f0 fd 30 a0 9e
encode_release_packet ret=0
MP4 frame 12/100: sequence=16 pts=440000 us key=0 nv12=4478976 h264=13224 acquire=13.038 ms encode=26.832 ms mux=0.224 ms
start encode NV12 with RV1106 vendor packet ABI, frame=12
encode_put_frame ret=0
encode_get_packet ret=0 handle=0xaec7f958 expected=0xaec7f958
vendor packet: mpi_buf_id=177 len=13487 buf_size=1495040 offset=114432 data_num=1 flag=0x00000000 pts=12
valloc packet buffer: mpi_buf_id=177 dma_buf_fd=11 size=0
H264 first bytes: 00 00 00 01 41 e0 01 80 03 06 05 f0 43 46 30 9d
encode_release_packet ret=0
MP4 frame 13/100: sequence=17 pts=480000 us key=0 nv12=4478976 h264=13487 acquire=12.464 ms encode=26.254 ms mux=0.221 ms
start encode NV12 with RV1106 vendor packet ABI, frame=13
encode_put_frame ret=0
encode_get_packet ret=0 handle=0xaec7f958 expected=0xaec7f958
vendor packet: mpi_buf_id=177 len=13931 buf_size=1495040 offset=128000 data_num=1 flag=0x00000000 pts=13
valloc packet buffer: mpi_buf_id=177 dma_buf_fd=11 size=0
H264 first bytes: 00 00 00 01 41 e0 01 a0 03 46 05 f0 59 9a e9 cf
encode_release_packet ret=0
MP4 frame 14/100: sequence=18 pts=520000 us key=0 nv12=4478976 h264=13931 acquire=12.937 ms encode=26.949 ms mux=0.234 ms
start encode NV12 with RV1106 vendor packet ABI, frame=14
encode_put_frame ret=0
encode_get_packet ret=0 handle=0xaec7f958 expected=0xaec7f958
vendor packet: mpi_buf_id=177 len=13353 buf_size=1495040 offset=141952 data_num=1 flag=0x00000000 pts=14
valloc packet buffer: mpi_buf_id=177 dma_buf_fd=11 size=0
H264 first bytes: 00 00 00 01 41 e0 01 c0 03 86 05 f0 4d a4 25 e2
encode_release_packet ret=0
MP4 frame 15/100: sequence=19 pts=560000 us key=0 nv12=4478976 h264=13353 acquire=12.327 ms encode=26.242 ms mux=0.215 ms
start encode NV12 with RV1106 vendor packet ABI, frame=15
encode_put_frame ret=0
encode_get_packet ret=0 handle=0xaec7f958 expected=0xaec7f958
vendor packet: mpi_buf_id=177 len=13190 buf_size=1495040 offset=155392 data_num=1 flag=0x00000000 pts=15
valloc packet buffer: mpi_buf_id=177 dma_buf_fd=11 size=0
H264 first bytes: 00 00 00 01 41 e0 01 e0 03 c6 05 f0 6d c2 82 69
encode_release_packet ret=0
MP4 frame 16/100: sequence=20 pts=600000 us key=0 nv12=4478976 h264=13190 acquire=13.057 ms encode=26.899 ms mux=0.217 ms
start encode NV12 with RV1106 vendor packet ABI, frame=16
encode_put_frame ret=0
encode_get_packet ret=0 handle=0xaec7f958 expected=0xaec7f958
vendor packet: mpi_buf_id=177 len=14770 buf_size=1495040 offset=168704 data_num=1 flag=0x00000000 pts=16
valloc packet buffer: mpi_buf_id=177 dma_buf_fd=11 size=0
H264 first bytes: 00 00 00 01 41 e0 02 00 04 06 05 f0 43 4a 7c d0
encode_release_packet ret=0
MP4 frame 17/100: sequence=21 pts=640000 us key=0 nv12=4478976 h264=14770 acquire=12.395 ms encode=26.340 ms mux=0.245 ms
start encode NV12 with RV1106 vendor packet ABI, frame=17
encode_put_frame ret=0
encode_get_packet ret=0 handle=0xaec7f958 expected=0xaec7f958
vendor packet: mpi_buf_id=177 len=14168 buf_size=1495040 offset=183552 data_num=1 flag=0x00000000 pts=17
valloc packet buffer: mpi_buf_id=177 dma_buf_fd=11 size=0
H264 first bytes: 00 00 00 01 41 e0 02 20 04 46 05 f0 c5 28 aa 48
encode_release_packet ret=0
MP4 frame 18/100: sequence=22 pts=680000 us key=0 nv12=4478976 h264=14168 acquire=12.927 ms encode=26.990 ms mux=0.230 ms
start encode NV12 with RV1106 vendor packet ABI, frame=18
encode_put_frame ret=0
encode_get_packet ret=0 handle=0xaec7f958 expected=0xaec7f958
vendor packet: mpi_buf_id=177 len=13837 buf_size=1495040 offset=197760 data_num=1 flag=0x00000000 pts=18
valloc packet buffer: mpi_buf_id=177 dma_buf_fd=11 size=0
H264 first bytes: 00 00 00 01 41 e0 02 40 04 86 05 f0 95 20 4e 25
encode_release_packet ret=0
MP4 frame 19/100: sequence=23 pts=720000 us key=0 nv12=4478976 h264=13837 acquire=12.300 ms encode=26.222 ms mux=0.233 ms
start encode NV12 with RV1106 vendor packet ABI, frame=19
encode_put_frame ret=0
encode_get_packet ret=0 handle=0xaec7f958 expected=0xaec7f958
vendor packet: mpi_buf_id=177 len=14398 buf_size=1495040 offset=211712 data_num=1 flag=0x00000000 pts=19
valloc packet buffer: mpi_buf_id=177 dma_buf_fd=11 size=0
H264 first bytes: 00 00 00 01 41 e0 02 60 04 c6 06 f1 75 92 a3 04
encode_release_packet ret=0
MP4 frame 20/100: sequence=24 pts=760000 us key=0 nv12=4478976 h264=14398 acquire=13.060 ms encode=26.868 ms mux=0.222 ms
start encode NV12 with RV1106 vendor packet ABI, frame=20
encode_put_frame ret=0
encode_get_packet ret=0 handle=0xaec7f958 expected=0xaec7f958
vendor packet: mpi_buf_id=177 len=14980 buf_size=1495040 offset=226176 data_num=1 flag=0x00000000 pts=20
valloc packet buffer: mpi_buf_id=177 dma_buf_fd=11 size=0
H264 first bytes: 00 00 00 01 41 e0 02 80 05 06 06 f0 69 19 0a 09
encode_release_packet ret=0
MP4 frame 21/100: sequence=25 pts=800000 us key=0 nv12=4478976 h264=14980 acquire=12.414 ms encode=26.356 ms mux=0.241 ms
start encode NV12 with RV1106 vendor packet ABI, frame=21
encode_put_frame ret=0
encode_get_packet ret=0 handle=0xaec7f958 expected=0xaec7f958
vendor packet: mpi_buf_id=177 len=14885 buf_size=1495040 offset=241280 data_num=1 flag=0x00000000 pts=21
valloc packet buffer: mpi_buf_id=177 dma_buf_fd=11 size=0
H264 first bytes: 00 00 00 01 41 e0 02 a0 05 46 06 f0 20 75 ac bf
encode_release_packet ret=0
MP4 frame 22/100: sequence=26 pts=840000 us key=0 nv12=4478976 h264=14885 acquire=12.913 ms encode=26.834 ms mux=0.242 ms
start encode NV12 with RV1106 vendor packet ABI, frame=22
encode_put_frame ret=0
encode_get_packet ret=0 handle=0xaec7f958 expected=0xaec7f958
vendor packet: mpi_buf_id=177 len=14397 buf_size=1495040 offset=256256 data_num=1 flag=0x00000000 pts=22
valloc packet buffer: mpi_buf_id=177 dma_buf_fd=11 size=0
H264 first bytes: 00 00 00 01 41 e0 02 c0 05 86 06 f0 c6 a0 83 8c
encode_release_packet ret=0
MP4 frame 23/100: sequence=27 pts=880000 us key=0 nv12=4478976 h264=14397 acquire=12.428 ms encode=26.287 ms mux=0.228 ms
start encode NV12 with RV1106 vendor packet ABI, frame=23
encode_put_frame ret=0
encode_get_packet ret=0 handle=0xaec7f958 expected=0xaec7f958
vendor packet: mpi_buf_id=177 len=15280 buf_size=1495040 offset=270720 data_num=1 flag=0x00000000 pts=23
valloc packet buffer: mpi_buf_id=177 dma_buf_fd=11 size=0
H264 first bytes: 00 00 00 01 41 e0 02 e0 05 c6 06 f0 41 4d 89 ea
encode_release_packet ret=0
MP4 frame 24/100: sequence=28 pts=920000 us key=0 nv12=4478976 h264=15280 acquire=13.001 ms encode=26.855 ms mux=0.242 ms
start encode NV12 with RV1106 vendor packet ABI, frame=24
encode_put_frame ret=0
encode_get_packet ret=0 handle=0xaec7f958 expected=0xaec7f958
vendor packet: mpi_buf_id=177 len=14269 buf_size=1495040 offset=286080 data_num=1 flag=0x00000000 pts=24
valloc packet buffer: mpi_buf_id=177 dma_buf_fd=11 size=0
H264 first bytes: 00 00 00 01 41 e0 03 00 06 06 06 f0 6d 4c 28 26
encode_release_packet ret=0
MP4 frame 25/100: sequence=29 pts=960000 us key=0 nv12=4478976 h264=14269 acquire=12.416 ms encode=26.255 ms mux=0.231 ms
start encode NV12 with RV1106 vendor packet ABI, frame=25
encode_put_frame ret=0
encode_get_packet ret=0 handle=0xaec7f958 expected=0xaec7f958
vendor packet: mpi_buf_id=177 len=15005 buf_size=1495040 offset=300416 data_num=1 flag=0x00000000 pts=25
valloc packet buffer: mpi_buf_id=177 dma_buf_fd=11 size=0
H264 first bytes: 00 00 00 01 41 e0 03 20 06 46 06 f0 d5 61 a9 58
encode_release_packet ret=0
MP4 frame 26/100: sequence=30 pts=1000000 us key=0 nv12=4478976 h264=15005 acquire=13.027 ms encode=26.919 ms mux=1.098 ms
start encode NV12 with RV1106 vendor packet ABI, frame=26
encode_put_frame ret=0
encode_get_packet ret=0 handle=0xaec7f958 expected=0xaec7f958
vendor packet: mpi_buf_id=177 len=14480 buf_size=1495040 offset=315520 data_num=1 flag=0x00000000 pts=26
valloc packet buffer: mpi_buf_id=177 dma_buf_fd=11 size=0
H264 first bytes: 00 00 00 01 41 e0 03 40 06 86 06 f0 69 29 46 09
encode_release_packet ret=0
MP4 frame 27/100: sequence=31 pts=1040000 us key=0 nv12=4478976 h264=14480 acquire=11.496 ms encode=26.202 ms mux=0.192 ms
start encode NV12 with RV1106 vendor packet ABI, frame=27
encode_put_frame ret=0
encode_get_packet ret=0 handle=0xaec7f958 expected=0xaec7f958
vendor packet: mpi_buf_id=177 len=15680 buf_size=1495040 offset=330112 data_num=1 flag=0x00000000 pts=27
valloc packet buffer: mpi_buf_id=177 dma_buf_fd=11 size=0
H264 first bytes: 00 00 00 01 41 e0 03 60 06 c6 07 f0 65 46 08 52
encode_release_packet ret=0
MP4 frame 28/100: sequence=32 pts=1080000 us key=0 nv12=4478976 h264=15680 acquire=13.104 ms encode=26.856 ms mux=0.233 ms
start encode NV12 with RV1106 vendor packet ABI, frame=28
encode_put_frame ret=0
encode_get_packet ret=0 handle=0xaec7f958 expected=0xaec7f958
vendor packet: mpi_buf_id=177 len=15643 buf_size=1495040 offset=345856 data_num=1 flag=0x00000000 pts=28
valloc packet buffer: mpi_buf_id=177 dma_buf_fd=11 size=0
H264 first bytes: 00 00 00 01 41 e0 03 80 07 06 07 f0 45 4c 28 26
encode_release_packet ret=0
MP4 frame 29/100: sequence=33 pts=1120000 us key=0 nv12=4478976 h264=15643 acquire=12.430 ms encode=26.377 ms mux=0.213 ms
start encode NV12 with RV1106 vendor packet ABI, frame=29
encode_put_frame ret=0
encode_get_packet ret=0 handle=0xaec7f958 expected=0xaec7f958
vendor packet: mpi_buf_id=177 len=16409 buf_size=1495040 offset=361600 data_num=1 flag=0x00000000 pts=29
valloc packet buffer: mpi_buf_id=177 dma_buf_fd=11 size=0
H264 first bytes: 00 00 00 01 41 e0 03 a0 07 46 07 f0 fd 20 4a 26
encode_release_packet ret=0
MP4 frame 30/100: sequence=34 pts=1160000 us key=0 nv12=4478976 h264=16409 acquire=12.916 ms encode=26.823 ms mux=0.217 ms
start encode NV12 with RV1106 vendor packet ABI, frame=30
encode_put_frame ret=0
encode_get_packet ret=0 handle=0xaec7f958 expected=0xaec7f958
vendor packet: mpi_buf_id=177 len=83475 buf_size=1495040 offset=378112 data_num=1 flag=0x00000010 pts=30
valloc packet buffer: mpi_buf_id=177 dma_buf_fd=11 size=0
H264 first bytes: 00 00 00 01 65 b8 00 02 00 00 05 f1 11 22 80 00
encode_release_packet ret=0
MP4 frame 31/100: sequence=35 pts=1200000 us key=1 nv12=4478976 h264=83475 acquire=12.479 ms encode=26.157 ms mux=1.607 ms
start encode NV12 with RV1106 vendor packet ABI, frame=31
encode_put_frame ret=0
encode_get_packet ret=0 handle=0xaec7f958 expected=0xaec7f958
vendor packet: mpi_buf_id=177 len=15215 buf_size=1495040 offset=461696 data_num=1 flag=0x00000000 pts=31
valloc packet buffer: mpi_buf_id=177 dma_buf_fd=11 size=0
H264 first bytes: 00 00 00 01 41 e0 00 20 00 46 06 f2 56 09 ee 0a
encode_release_packet ret=0
MP4 frame 32/100: sequence=36 pts=1240000 us key=0 nv12=4478976 h264=15215 acquire=11.748 ms encode=26.907 ms mux=0.208 ms
start encode NV12 with RV1106 vendor packet ABI, frame=32
encode_put_frame ret=0
encode_get_packet ret=0 handle=0xaec7f958 expected=0xaec7f958
vendor packet: mpi_buf_id=177 len=15572 buf_size=1495040 offset=476928 data_num=1 flag=0x00000000 pts=32
valloc packet buffer: mpi_buf_id=177 dma_buf_fd=11 size=0
H264 first bytes: 00 00 00 01 41 e0 00 40 00 86 06 f2 f4 26 a2 ba
encode_release_packet ret=0
MP4 frame 33/100: sequence=37 pts=1280000 us key=0 nv12=4478976 h264=15572 acquire=12.389 ms encode=26.188 ms mux=0.209 ms
start encode NV12 with RV1106 vendor packet ABI, frame=33
encode_put_frame ret=0
encode_get_packet ret=0 handle=0xaec7f958 expected=0xaec7f958
vendor packet: mpi_buf_id=177 len=15137 buf_size=1495040 offset=492544 data_num=1 flag=0x00000000 pts=33
valloc packet buffer: mpi_buf_id=177 dma_buf_fd=11 size=0
H264 first bytes: 00 00 00 01 41 e0 00 60 00 c6 06 f0 43 3b 8f b5
encode_release_packet ret=0
MP4 frame 34/100: sequence=38 pts=1320000 us key=0 nv12=4478976 h264=15137 acquire=13.121 ms encode=26.838 ms mux=0.197 ms
start encode NV12 with RV1106 vendor packet ABI, frame=34
encode_put_frame ret=0
encode_get_packet ret=0 handle=0xaec7f958 expected=0xaec7f958
vendor packet: mpi_buf_id=177 len=15086 buf_size=1495040 offset=507776 data_num=1 flag=0x00000000 pts=34
valloc packet buffer: mpi_buf_id=177 dma_buf_fd=11 size=0
H264 first bytes: 00 00 00 01 41 e0 00 80 01 06 06 f0 a5 28 9a a1
encode_release_packet ret=0
MP4 frame 35/100: sequence=39 pts=1360000 us key=0 nv12=4478976 h264=15086 acquire=12.479 ms encode=26.297 ms mux=0.203 ms
start encode NV12 with RV1106 vendor packet ABI, frame=35
encode_put_frame ret=0
encode_get_packet ret=0 handle=0xaec7f958 expected=0xaec7f958
vendor packet: mpi_buf_id=177 len=17180 buf_size=1495040 offset=522880 data_num=1 flag=0x00000000 pts=35
valloc packet buffer: mpi_buf_id=177 dma_buf_fd=11 size=0
H264 first bytes: 00 00 00 01 41 e0 00 a0 01 46 07 f0 61 4e 4a 28
encode_release_packet ret=0
MP4 frame 36/100: sequence=40 pts=1400000 us key=0 nv12=4478976 h264=17180 acquire=13.001 ms encode=26.899 ms mux=0.222 ms
start encode NV12 with RV1106 vendor packet ABI, frame=36
encode_put_frame ret=0
encode_get_packet ret=0 handle=0xaec7f958 expected=0xaec7f958
vendor packet: mpi_buf_id=177 len=17011 buf_size=1495040 offset=540160 data_num=1 flag=0x00000000 pts=36
valloc packet buffer: mpi_buf_id=177 dma_buf_fd=11 size=0
H264 first bytes: 00 00 00 01 41 e0 00 c0 01 86 07 f0 69 41 51 82
encode_release_packet ret=0
MP4 frame 37/100: sequence=41 pts=1440000 us key=0 nv12=4478976 h264=17011 acquire=12.403 ms encode=26.349 ms mux=0.228 ms
start encode NV12 with RV1106 vendor packet ABI, frame=37
encode_put_frame ret=0
encode_get_packet ret=0 handle=0xaec7f958 expected=0xaec7f958
vendor packet: mpi_buf_id=177 len=16042 buf_size=1495040 offset=557184 data_num=1 flag=0x00000000 pts=37
valloc packet buffer: mpi_buf_id=177 dma_buf_fd=11 size=0
H264 first bytes: 00 00 00 01 41 e0 00 e0 01 c6 05 f1 75 82 9c 30
encode_release_packet ret=0
MP4 frame 38/100: sequence=42 pts=1480000 us key=0 nv12=4478976 h264=16042 acquire=12.927 ms encode=26.870 ms mux=0.217 ms
start encode NV12 with RV1106 vendor packet ABI, frame=38
encode_put_frame ret=0
encode_get_packet ret=0 handle=0xaec7f958 expected=0xaec7f958
vendor packet: mpi_buf_id=177 len=15530 buf_size=1495040 offset=573312 data_num=1 flag=0x00000000 pts=38
valloc packet buffer: mpi_buf_id=177 dma_buf_fd=11 size=0
H264 first bytes: 00 00 00 01 41 e0 01 00 02 06 06 f1 34 a1 3a 52
encode_release_packet ret=0
MP4 frame 39/100: sequence=43 pts=1520000 us key=0 nv12=4478976 h264=15530 acquire=12.419 ms encode=26.269 ms mux=0.210 ms
start encode NV12 with RV1106 vendor packet ABI, frame=39
encode_put_frame ret=0
encode_get_packet ret=0 handle=0xaec7f958 expected=0xaec7f958
vendor packet: mpi_buf_id=177 len=15737 buf_size=1495040 offset=588928 data_num=1 flag=0x00000000 pts=39
valloc packet buffer: mpi_buf_id=177 dma_buf_fd=11 size=0
H264 first bytes: 00 00 00 01 41 e0 01 20 02 46 06 f0 41 a4 25 2a
encode_release_packet ret=0
MP4 frame 40/100: sequence=44 pts=1560000 us key=0 nv12=4478976 h264=15737 acquire=13.043 ms encode=26.892 ms mux=0.205 ms
start encode NV12 with RV1106 vendor packet ABI, frame=40
encode_put_frame ret=0
encode_get_packet ret=0 handle=0xaec7f958 expected=0xaec7f958
vendor packet: mpi_buf_id=177 len=16648 buf_size=1495040 offset=604672 data_num=1 flag=0x00000000 pts=40
valloc packet buffer: mpi_buf_id=177 dma_buf_fd=11 size=0
H264 first bytes: 00 00 00 01 41 e0 01 40 02 86 06 f0 51 46 04 42
encode_release_packet ret=0
MP4 frame 41/100: sequence=45 pts=1600000 us key=0 nv12=4478976 h264=16648 acquire=12.421 ms encode=26.234 ms mux=0.218 ms
start encode NV12 with RV1106 vendor packet ABI, frame=41
encode_put_frame ret=0
encode_get_packet ret=0 handle=0xaec7f958 expected=0xaec7f958
vendor packet: mpi_buf_id=177 len=16249 buf_size=1495040 offset=621440 data_num=1 flag=0x00000000 pts=41
valloc packet buffer: mpi_buf_id=177 dma_buf_fd=11 size=0
H264 first bytes: 00 00 00 01 41 e0 01 60 02 c6 06 f0 5d 6b f2 d9
encode_release_packet ret=0
MP4 frame 42/100: sequence=46 pts=1640000 us key=0 nv12=4478976 h264=16249 acquire=13.060 ms encode=26.827 ms mux=0.212 ms
start encode NV12 with RV1106 vendor packet ABI, frame=42
encode_put_frame ret=0
encode_get_packet ret=0 handle=0xaec7f958 expected=0xaec7f958
vendor packet: mpi_buf_id=177 len=15575 buf_size=1495040 offset=637696 data_num=1 flag=0x00000000 pts=42
valloc packet buffer: mpi_buf_id=177 dma_buf_fd=11 size=0
H264 first bytes: 00 00 00 01 41 e0 01 80 03 06 06 f0 5f 3e 6b 28
encode_release_packet ret=0
MP4 frame 43/100: sequence=47 pts=1680000 us key=0 nv12=4478976 h264=15575 acquire=12.478 ms encode=26.354 ms mux=0.219 ms
start encode NV12 with RV1106 vendor packet ABI, frame=43
encode_put_frame ret=0
encode_get_packet ret=0 handle=0xaec7f958 expected=0xaec7f958
vendor packet: mpi_buf_id=177 len=15708 buf_size=1495040 offset=653312 data_num=1 flag=0x00000000 pts=43
valloc packet buffer: mpi_buf_id=177 dma_buf_fd=11 size=0
H264 first bytes: 00 00 00 01 41 e0 01 a0 03 46 06 f0 45 4e 12 8e
encode_release_packet ret=0
MP4 frame 44/100: sequence=48 pts=1720000 us key=0 nv12=4478976 h264=15708 acquire=12.935 ms encode=26.802 ms mux=0.212 ms
start encode NV12 with RV1106 vendor packet ABI, frame=44
encode_put_frame ret=0
encode_get_packet ret=0 handle=0xaec7f958 expected=0xaec7f958
vendor packet: mpi_buf_id=177 len=16222 buf_size=1495040 offset=669056 data_num=1 flag=0x00000000 pts=44
valloc packet buffer: mpi_buf_id=177 dma_buf_fd=11 size=0
H264 first bytes: 00 00 00 01 41 e0 01 c0 03 86 06 f0 57 67 89 c5
encode_release_packet ret=0
MP4 frame 45/100: sequence=49 pts=1760000 us key=0 nv12=4478976 h264=16222 acquire=12.500 ms encode=26.332 ms mux=0.223 ms
start encode NV12 with RV1106 vendor packet ABI, frame=45
encode_put_frame ret=0
encode_get_packet ret=0 handle=0xaec7f958 expected=0xaec7f958
vendor packet: mpi_buf_id=177 len=15283 buf_size=1495040 offset=685312 data_num=1 flag=0x00000000 pts=45
valloc packet buffer: mpi_buf_id=177 dma_buf_fd=11 size=0
H264 first bytes: 00 00 00 01 41 e0 01 e0 03 c6 06 f0 45 2a 84 a4
encode_release_packet ret=0
MP4 frame 46/100: sequence=50 pts=1800000 us key=0 nv12=4478976 h264=15283 acquire=12.958 ms encode=26.829 ms mux=0.201 ms
start encode NV12 with RV1106 vendor packet ABI, frame=46
encode_put_frame ret=0
encode_get_packet ret=0 handle=0xaec7f958 expected=0xaec7f958
vendor packet: mpi_buf_id=177 len=17238 buf_size=1495040 offset=700672 data_num=1 flag=0x00000000 pts=46
valloc packet buffer: mpi_buf_id=177 dma_buf_fd=11 size=0
H264 first bytes: 00 00 00 01 41 e0 02 00 04 06 07 f0 49 c2 82 5a
encode_release_packet ret=0
MP4 frame 47/100: sequence=51 pts=1840000 us key=0 nv12=4478976 h264=17238 acquire=12.491 ms encode=26.367 ms mux=0.238 ms
start encode NV12 with RV1106 vendor packet ABI, frame=47
encode_put_frame ret=0
encode_get_packet ret=0 handle=0xaec7f958 expected=0xaec7f958
vendor packet: mpi_buf_id=177 len=15918 buf_size=1495040 offset=717952 data_num=1 flag=0x00000000 pts=47
valloc packet buffer: mpi_buf_id=177 dma_buf_fd=11 size=0
H264 first bytes: 00 00 00 01 41 e0 02 20 04 46 06 f0 95 44 89 55
encode_release_packet ret=0
MP4 frame 48/100: sequence=52 pts=1880000 us key=0 nv12=4478976 h264=15918 acquire=12.906 ms encode=26.841 ms mux=1.015 ms
start encode NV12 with RV1106 vendor packet ABI, frame=48
encode_put_frame ret=0
encode_get_packet ret=0 handle=0xaec7f958 expected=0xaec7f958
vendor packet: mpi_buf_id=177 len=16435 buf_size=1495040 offset=733952 data_num=1 flag=0x00000000 pts=48
valloc packet buffer: mpi_buf_id=177 dma_buf_fd=11 size=0
H264 first bytes: 00 00 00 01 41 e0 02 40 04 86 07 f0 51 c1 40 95
encode_release_packet ret=0
MP4 frame 49/100: sequence=53 pts=1920000 us key=0 nv12=4478976 h264=16435 acquire=11.667 ms encode=26.233 ms mux=0.213 ms
start encode NV12 with RV1106 vendor packet ABI, frame=49
encode_put_frame ret=0
encode_get_packet ret=0 handle=0xaec7f958 expected=0xaec7f958
vendor packet: mpi_buf_id=177 len=17149 buf_size=1495040 offset=750464 data_num=1 flag=0x00000000 pts=49
valloc packet buffer: mpi_buf_id=177 dma_buf_fd=11 size=0
H264 first bytes: 00 00 00 01 41 e0 02 60 04 c6 07 f0 ce a1 b2 fa
encode_release_packet ret=0
MP4 frame 50/100: sequence=54 pts=1960000 us key=0 nv12=4478976 h264=17149 acquire=13.044 ms encode=26.935 ms mux=0.230 ms
start encode NV12 with RV1106 vendor packet ABI, frame=50
encode_put_frame ret=0
encode_get_packet ret=0 handle=0xaec7f958 expected=0xaec7f958
vendor packet: mpi_buf_id=177 len=15499 buf_size=1495040 offset=767616 data_num=1 flag=0x00000000 pts=50
valloc packet buffer: mpi_buf_id=177 dma_buf_fd=11 size=0
H264 first bytes: 00 00 00 01 41 e0 02 80 05 06 06 f0 20 97 fe a6
encode_release_packet ret=0
MP4 frame 51/100: sequence=55 pts=2000000 us key=0 nv12=4478976 h264=15499 acquire=12.346 ms encode=26.256 ms mux=0.208 ms
start encode NV12 with RV1106 vendor packet ABI, frame=51
encode_put_frame ret=0
encode_get_packet ret=0 handle=0xaec7f958 expected=0xaec7f958
vendor packet: mpi_buf_id=177 len=16974 buf_size=1495040 offset=783232 data_num=1 flag=0x00000000 pts=51
valloc packet buffer: mpi_buf_id=177 dma_buf_fd=11 size=0
H264 first bytes: 00 00 00 01 41 e0 02 a0 05 46 07 f0 69 1c 60 a0
encode_release_packet ret=0
MP4 frame 52/100: sequence=56 pts=2040000 us key=0 nv12=4478976 h264=16974 acquire=13.061 ms encode=26.865 ms mux=0.229 ms
start encode NV12 with RV1106 vendor packet ABI, frame=52
encode_put_frame ret=0
encode_get_packet ret=0 handle=0xaec7f958 expected=0xaec7f958
vendor packet: mpi_buf_id=177 len=15687 buf_size=1495040 offset=800256 data_num=1 flag=0x00000000 pts=52
valloc packet buffer: mpi_buf_id=177 dma_buf_fd=11 size=0
H264 first bytes: 00 00 00 01 41 e0 02 c0 05 86 06 f0 69 46 0a 09
encode_release_packet ret=0
MP4 frame 53/100: sequence=57 pts=2080000 us key=0 nv12=4478976 h264=15687 acquire=12.419 ms encode=26.355 ms mux=0.211 ms
start encode NV12 with RV1106 vendor packet ABI, frame=53
encode_put_frame ret=0
encode_get_packet ret=0 handle=0xaec7f958 expected=0xaec7f958
vendor packet: mpi_buf_id=177 len=17291 buf_size=1495040 offset=816000 data_num=1 flag=0x00000000 pts=53
valloc packet buffer: mpi_buf_id=177 dma_buf_fd=11 size=0
H264 first bytes: 00 00 00 01 41 e0 02 e0 05 c6 07 f0 5d 48 22 5e
encode_release_packet ret=0
MP4 frame 54/100: sequence=58 pts=2120000 us key=0 nv12=4478976 h264=17291 acquire=12.938 ms encode=26.886 ms mux=0.225 ms
start encode NV12 with RV1106 vendor packet ABI, frame=54
encode_put_frame ret=0
encode_get_packet ret=0 handle=0xaec7f958 expected=0xaec7f958
vendor packet: mpi_buf_id=177 len=15948 buf_size=1495040 offset=833408 data_num=1 flag=0x00000000 pts=54
valloc packet buffer: mpi_buf_id=177 dma_buf_fd=11 size=0
H264 first bytes: 00 00 00 01 41 e0 03 00 06 06 06 f0 47 33 9f 34
encode_release_packet ret=0
MP4 frame 55/100: sequence=59 pts=2160000 us key=0 nv12=4478976 h264=15948 acquire=12.416 ms encode=26.233 ms mux=0.206 ms
start encode NV12 with RV1106 vendor packet ABI, frame=55
encode_put_frame ret=0
encode_get_packet ret=0 handle=0xaec7f958 expected=0xaec7f958
vendor packet: mpi_buf_id=177 len=17048 buf_size=1495040 offset=849408 data_num=1 flag=0x00000000 pts=55
valloc packet buffer: mpi_buf_id=177 dma_buf_fd=11 size=0
H264 first bytes: 00 00 00 01 41 e0 03 20 06 46 07 f0 59 98 11 89
encode_release_packet ret=0
MP4 frame 56/100: sequence=60 pts=2200000 us key=0 nv12=4478976 h264=17048 acquire=13.077 ms encode=26.798 ms mux=0.232 ms
start encode NV12 with RV1106 vendor packet ABI, frame=56
encode_put_frame ret=0
encode_get_packet ret=0 handle=0xaec7f958 expected=0xaec7f958
vendor packet: mpi_buf_id=177 len=15922 buf_size=1495040 offset=866560 data_num=1 flag=0x00000000 pts=56
valloc packet buffer: mpi_buf_id=177 dma_buf_fd=11 size=0
H264 first bytes: 00 00 00 01 41 e0 03 40 06 86 06 f1 75 82 bb 41
encode_release_packet ret=0
MP4 frame 57/100: sequence=61 pts=2240000 us key=0 nv12=4478976 h264=15922 acquire=12.475 ms encode=26.260 ms mux=0.215 ms
start encode NV12 with RV1106 vendor packet ABI, frame=57
encode_put_frame ret=0
encode_get_packet ret=0 handle=0xaec7f958 expected=0xaec7f958
vendor packet: mpi_buf_id=177 len=16544 buf_size=1495040 offset=882560 data_num=1 flag=0x00000000 pts=57
valloc packet buffer: mpi_buf_id=177 dma_buf_fd=11 size=0
H264 first bytes: 00 00 00 01 41 e0 03 60 06 c6 07 f0 57 98 a2 57
encode_release_packet ret=0
MP4 frame 58/100: sequence=62 pts=2280000 us key=0 nv12=4478976 h264=16544 acquire=13.043 ms encode=26.891 ms mux=0.222 ms
start encode NV12 with RV1106 vendor packet ABI, frame=58
encode_put_frame ret=0
encode_get_packet ret=0 handle=0xaec7f958 expected=0xaec7f958
vendor packet: mpi_buf_id=177 len=17097 buf_size=1495040 offset=899200 data_num=1 flag=0x00000000 pts=58
valloc packet buffer: mpi_buf_id=177 dma_buf_fd=11 size=0
H264 first bytes: 00 00 00 01 41 e0 03 80 07 06 07 f0 69 21 06 09
encode_release_packet ret=0
MP4 frame 59/100: sequence=63 pts=2320000 us key=0 nv12=4478976 h264=17097 acquire=12.400 ms encode=26.259 ms mux=0.224 ms
start encode NV12 with RV1106 vendor packet ABI, frame=59
encode_put_frame ret=0
encode_get_packet ret=0 handle=0xaec7f958 expected=0xaec7f958
vendor packet: mpi_buf_id=177 len=16284 buf_size=1495040 offset=916352 data_num=1 flag=0x00000000 pts=59
valloc packet buffer: mpi_buf_id=177 dma_buf_fd=11 size=0
H264 first bytes: 00 00 00 01 41 e0 03 a0 07 46 07 f0 5d 59 24 61
encode_release_packet ret=0
MP4 frame 60/100: sequence=64 pts=2360000 us key=0 nv12=4478976 h264=16284 acquire=13.021 ms encode=26.813 ms mux=0.219 ms
start encode NV12 with RV1106 vendor packet ABI, frame=60
encode_put_frame ret=0
encode_get_packet ret=0 handle=0xaec7f958 expected=0xaec7f958
vendor packet: mpi_buf_id=177 len=191899 buf_size=1495040 offset=932736 data_num=1 flag=0x00000010 pts=60
valloc packet buffer: mpi_buf_id=177 dma_buf_fd=11 size=0
H264 first bytes: 00 00 00 01 65 b8 00 03 00 00 03 02 7c 44 48 a0
encode_release_packet ret=0
MP4 frame 61/100: sequence=65 pts=2400000 us key=1 nv12=4478976 h264=191899 acquire=12.485 ms encode=26.526 ms mux=3.639 ms
start encode NV12 with RV1106 vendor packet ABI, frame=61
encode_put_frame ret=0
encode_get_packet ret=0 handle=0xaec7f958 expected=0xaec7f958
vendor packet: mpi_buf_id=177 len=4195 buf_size=1495040 offset=1124736 data_num=1 flag=0x00000000 pts=61
valloc packet buffer: mpi_buf_id=177 dma_buf_fd=11 size=0
H264 first bytes: 00 00 00 01 41 e0 00 20 00 46 1f 01 a7 32 b9 b1
encode_release_packet ret=0
MP4 frame 62/100: sequence=66 pts=2440000 us key=0 nv12=4478976 h264=4195 acquire=9.349 ms encode=26.871 ms mux=0.093 ms
start encode NV12 with RV1106 vendor packet ABI, frame=62
encode_put_frame ret=0
encode_get_packet ret=0 handle=0xaec7f958 expected=0xaec7f958
vendor packet: mpi_buf_id=177 len=7695 buf_size=1495040 offset=1128960 data_num=1 flag=0x00000000 pts=62
valloc packet buffer: mpi_buf_id=177 dma_buf_fd=11 size=0
H264 first bytes: 00 00 00 01 41 e0 00 40 00 86 0b c1 64 ee 08 67
encode_release_packet ret=0
MP4 frame 63/100: sequence=67 pts=2480000 us key=0 nv12=4478976 h264=7695 acquire=12.523 ms encode=26.231 ms mux=0.123 ms
start encode NV12 with RV1106 vendor packet ABI, frame=63
encode_put_frame ret=0
encode_get_packet ret=0 handle=0xaec7f958 expected=0xaec7f958
vendor packet: mpi_buf_id=177 len=7336 buf_size=1495040 offset=1136768 data_num=1 flag=0x00000000 pts=63
valloc packet buffer: mpi_buf_id=177 dma_buf_fd=11 size=0
H264 first bytes: 00 00 00 01 41 e0 00 60 00 c6 0b c1 a5 36 27 59
encode_release_packet ret=0
MP4 frame 64/100: sequence=68 pts=2520000 us key=0 nv12=4478976 h264=7336 acquire=13.167 ms encode=26.847 ms mux=0.123 ms
start encode NV12 with RV1106 vendor packet ABI, frame=64
encode_put_frame ret=0
encode_get_packet ret=0 handle=0xaec7f958 expected=0xaec7f958
vendor packet: mpi_buf_id=177 len=6694 buf_size=1495040 offset=1144192 data_num=1 flag=0x00000000 pts=64
valloc packet buffer: mpi_buf_id=177 dma_buf_fd=11 size=0
H264 first bytes: 00 00 00 01 41 e0 00 80 01 06 0b c1 6c 85 8b cd
encode_release_packet ret=0
MP4 frame 65/100: sequence=69 pts=2560000 us key=0 nv12=4478976 h264=6694 acquire=12.540 ms encode=26.236 ms mux=0.112 ms
start encode NV12 with RV1106 vendor packet ABI, frame=65
encode_put_frame ret=0
encode_get_packet ret=0 handle=0xaec7f958 expected=0xaec7f958
vendor packet: mpi_buf_id=177 len=7020 buf_size=1495040 offset=1150976 data_num=1 flag=0x00000000 pts=65
valloc packet buffer: mpi_buf_id=177 dma_buf_fd=11 size=0
H264 first bytes: 00 00 00 01 41 e0 00 a0 01 46 0b c1 16 7f 65 13
encode_release_packet ret=0
MP4 frame 66/100: sequence=70 pts=2600000 us key=0 nv12=4478976 h264=7020 acquire=13.170 ms encode=26.802 ms mux=0.120 ms
start encode NV12 with RV1106 vendor packet ABI, frame=66
encode_put_frame ret=0
encode_get_packet ret=0 handle=0xaec7f958 expected=0xaec7f958
vendor packet: mpi_buf_id=177 len=9756 buf_size=1495040 offset=1158016 data_num=1 flag=0x00000000 pts=66
valloc packet buffer: mpi_buf_id=177 dma_buf_fd=11 size=0
H264 first bytes: 00 00 00 01 41 e0 00 c0 01 86 0f c1 9c 8a ee 3c
encode_release_packet ret=0
MP4 frame 67/100: sequence=71 pts=2640000 us key=0 nv12=4478976 h264=9756 acquire=12.597 ms encode=26.228 ms mux=0.154 ms
start encode NV12 with RV1106 vendor packet ABI, frame=67
encode_put_frame ret=0
encode_get_packet ret=0 handle=0xaec7f958 expected=0xaec7f958
vendor packet: mpi_buf_id=177 len=10118 buf_size=1495040 offset=1167872 data_num=1 flag=0x00000000 pts=67
valloc packet buffer: mpi_buf_id=177 dma_buf_fd=11 size=0
H264 first bytes: 00 00 00 01 41 e0 00 e0 01 c6 0f c1 07 18 25 de
encode_release_packet ret=0
MP4 frame 68/100: sequence=72 pts=2680000 us key=0 nv12=4478976 h264=10118 acquire=13.132 ms encode=27.020 ms mux=0.157 ms
start encode NV12 with RV1106 vendor packet ABI, frame=68
encode_put_frame ret=0
encode_get_packet ret=0 handle=0xaec7f958 expected=0xaec7f958
vendor packet: mpi_buf_id=177 len=9680 buf_size=1495040 offset=1178112 data_num=1 flag=0x00000000 pts=68
valloc packet buffer: mpi_buf_id=177 dma_buf_fd=11 size=0
H264 first bytes: 00 00 00 01 41 e0 01 00 02 06 0f c1 66 53 09 77
encode_release_packet ret=0
MP4 frame 69/100: sequence=73 pts=2720000 us key=0 nv12=4478976 h264=9680 acquire=12.215 ms encode=26.288 ms mux=0.146 ms
start encode NV12 with RV1106 vendor packet ABI, frame=69
encode_put_frame ret=0
encode_get_packet ret=0 handle=0xaec7f958 expected=0xaec7f958
vendor packet: mpi_buf_id=177 len=9313 buf_size=1495040 offset=1187840 data_num=1 flag=0x00000000 pts=69
valloc packet buffer: mpi_buf_id=177 dma_buf_fd=11 size=0
H264 first bytes: 00 00 00 01 41 e0 01 20 02 46 0f c1 1c 85 08 09
encode_release_packet ret=0
MP4 frame 70/100: sequence=74 pts=2760000 us key=0 nv12=4478976 h264=9313 acquire=13.096 ms encode=26.926 ms mux=0.149 ms
start encode NV12 with RV1106 vendor packet ABI, frame=70
encode_put_frame ret=0
encode_get_packet ret=0 handle=0xaec7f958 expected=0xaec7f958
vendor packet: mpi_buf_id=177 len=8820 buf_size=1495040 offset=1197184 data_num=1 flag=0x00000000 pts=70
valloc packet buffer: mpi_buf_id=177 dma_buf_fd=11 size=0
H264 first bytes: 00 00 00 01 41 e0 01 40 02 86 0f c2 7c 60 97 77
encode_release_packet ret=0
MP4 frame 71/100: sequence=75 pts=2800000 us key=0 nv12=4478976 h264=8820 acquire=12.438 ms encode=26.219 ms mux=0.139 ms
start encode NV12 with RV1106 vendor packet ABI, frame=71
encode_put_frame ret=0
encode_get_packet ret=0 handle=0xaec7f958 expected=0xaec7f958
vendor packet: mpi_buf_id=177 len=11447 buf_size=1495040 offset=1206016 data_num=1 flag=0x00000000 pts=71
valloc packet buffer: mpi_buf_id=177 dma_buf_fd=11 size=0
H264 first bytes: 00 00 00 01 41 e0 01 60 02 c6 04 f0 a7 18 25 dd
encode_release_packet ret=0
MP4 frame 72/100: sequence=76 pts=2840000 us key=0 nv12=4478976 h264=11447 acquire=13.154 ms encode=26.850 ms mux=0.168 ms
start encode NV12 with RV1106 vendor packet ABI, frame=72
encode_put_frame ret=0
encode_get_packet ret=0 handle=0xaec7f958 expected=0xaec7f958
vendor packet: mpi_buf_id=177 len=11657 buf_size=1495040 offset=1217536 data_num=1 flag=0x00000000 pts=72
valloc packet buffer: mpi_buf_id=177 dma_buf_fd=11 size=0
H264 first bytes: 00 00 00 01 41 e0 01 80 03 06 04 f0 87 04 e2 5d
encode_release_packet ret=0
MP4 frame 73/100: sequence=77 pts=2880000 us key=0 nv12=4478976 h264=11657 acquire=12.500 ms encode=26.233 ms mux=0.171 ms
start encode NV12 with RV1106 vendor packet ABI, frame=73
encode_put_frame ret=0
encode_get_packet ret=0 handle=0xaec7f958 expected=0xaec7f958
vendor packet: mpi_buf_id=177 len=11522 buf_size=1495040 offset=1229312 data_num=1 flag=0x00000000 pts=73
valloc packet buffer: mpi_buf_id=177 dma_buf_fd=11 size=0
H264 first bytes: 00 00 00 01 41 e0 01 a0 03 46 04 f0 63 6a 08 29
encode_release_packet ret=0
MP4 frame 74/100: sequence=78 pts=2920000 us key=0 nv12=4478976 h264=11522 acquire=13.110 ms encode=26.841 ms mux=0.170 ms
start encode NV12 with RV1106 vendor packet ABI, frame=74
encode_put_frame ret=0
encode_get_packet ret=0 handle=0xaec7f958 expected=0xaec7f958
vendor packet: mpi_buf_id=177 len=11941 buf_size=1495040 offset=1240960 data_num=1 flag=0x00000000 pts=74
valloc packet buffer: mpi_buf_id=177 dma_buf_fd=11 size=0
H264 first bytes: 00 00 00 01 41 e0 01 c0 03 86 04 f0 67 4a a1 f4
encode_release_packet ret=0
MP4 frame 75/100: sequence=79 pts=2960000 us key=0 nv12=4478976 h264=11941 acquire=12.497 ms encode=26.171 ms mux=0.176 ms
start encode NV12 with RV1106 vendor packet ABI, frame=75
encode_put_frame ret=0
encode_get_packet ret=0 handle=0xaec7f958 expected=0xaec7f958
vendor packet: mpi_buf_id=177 len=11788 buf_size=1495040 offset=1252992 data_num=1 flag=0x00000000 pts=75
valloc packet buffer: mpi_buf_id=177 dma_buf_fd=11 size=0
H264 first bytes: 00 00 00 01 41 e0 01 e0 03 c6 04 f0 5d 67 96 6b
encode_release_packet ret=0
MP4 frame 76/100: sequence=80 pts=3000000 us key=0 nv12=4478976 h264=11788 acquire=13.172 ms encode=26.830 ms mux=0.169 ms
start encode NV12 with RV1106 vendor packet ABI, frame=76
encode_put_frame ret=0
encode_get_packet ret=0 handle=0xaec7f958 expected=0xaec7f958
vendor packet: mpi_buf_id=177 len=11919 buf_size=1495040 offset=1264896 data_num=1 flag=0x00000000 pts=76
valloc packet buffer: mpi_buf_id=177 dma_buf_fd=11 size=0
H264 first bytes: 00 00 00 01 41 e0 02 00 04 06 04 f0 51 96 3a d0
encode_release_packet ret=0
MP4 frame 77/100: sequence=81 pts=3040000 us key=0 nv12=4478976 h264=11919 acquire=12.399 ms encode=26.258 ms mux=0.172 ms
start encode NV12 with RV1106 vendor packet ABI, frame=77
encode_put_frame ret=0
encode_get_packet ret=0 handle=0xaec7f958 expected=0xaec7f958
vendor packet: mpi_buf_id=177 len=11303 buf_size=1495040 offset=1276928 data_num=1 flag=0x00000000 pts=77
valloc packet buffer: mpi_buf_id=177 dma_buf_fd=11 size=0
H264 first bytes: 00 00 00 01 41 e0 02 20 04 46 04 f0 67 78 f9 8e
encode_release_packet ret=0
MP4 frame 78/100: sequence=82 pts=3080000 us key=0 nv12=4478976 h264=11303 acquire=13.080 ms encode=26.802 ms mux=0.165 ms
start encode NV12 with RV1106 vendor packet ABI, frame=78
encode_put_frame ret=0
encode_get_packet ret=0 handle=0xaec7f958 expected=0xaec7f958
vendor packet: mpi_buf_id=177 len=11654 buf_size=1495040 offset=1288320 data_num=1 flag=0x00000000 pts=78
valloc packet buffer: mpi_buf_id=177 dma_buf_fd=11 size=0
H264 first bytes: 00 00 00 01 41 e0 02 40 04 86 04 f0 47 a9 6c f2
encode_release_packet ret=0
MP4 frame 79/100: sequence=83 pts=3120000 us key=0 nv12=4478976 h264=11654 acquire=12.544 ms encode=26.195 ms mux=0.171 ms
start encode NV12 with RV1106 vendor packet ABI, frame=79
encode_put_frame ret=0
encode_get_packet ret=0 handle=0xaec7f958 expected=0xaec7f958
vendor packet: mpi_buf_id=177 len=11499 buf_size=1495040 offset=1300096 data_num=1 flag=0x00000000 pts=79
valloc packet buffer: mpi_buf_id=177 dma_buf_fd=11 size=0
H264 first bytes: 00 00 00 01 41 e0 02 60 04 c6 04 f0 5b 99 09 ee
encode_release_packet ret=0
MP4 frame 80/100: sequence=84 pts=3160000 us key=0 nv12=4478976 h264=11499 acquire=13.156 ms encode=26.844 ms mux=0.169 ms
start encode NV12 with RV1106 vendor packet ABI, frame=80
encode_put_frame ret=0
encode_get_packet ret=0 handle=0xaec7f958 expected=0xaec7f958
vendor packet: mpi_buf_id=177 len=11083 buf_size=1495040 offset=1311616 data_num=1 flag=0x00000000 pts=80
valloc packet buffer: mpi_buf_id=177 dma_buf_fd=11 size=0
H264 first bytes: 00 00 00 01 41 e0 02 80 05 06 04 f0 45 ae 67 24
encode_release_packet ret=0
MP4 frame 81/100: sequence=85 pts=3200000 us key=0 nv12=4478976 h264=11083 acquire=12.498 ms encode=26.202 ms mux=0.160 ms
start encode NV12 with RV1106 vendor packet ABI, frame=81
encode_put_frame ret=0
encode_get_packet ret=0 handle=0xaec7f958 expected=0xaec7f958
vendor packet: mpi_buf_id=177 len=11700 buf_size=1495040 offset=1322752 data_num=1 flag=0x00000000 pts=81
valloc packet buffer: mpi_buf_id=177 dma_buf_fd=11 size=0
H264 first bytes: 00 00 00 01 41 e0 02 a0 05 46 04 f0 47 3e 1d ca
encode_release_packet ret=0
MP4 frame 82/100: sequence=86 pts=3240000 us key=0 nv12=4478976 h264=11700 acquire=13.158 ms encode=26.883 ms mux=0.175 ms
start encode NV12 with RV1106 vendor packet ABI, frame=82
encode_put_frame ret=0
encode_get_packet ret=0 handle=0xaec7f958 expected=0xaec7f958
vendor packet: mpi_buf_id=177 len=12557 buf_size=1495040 offset=1334528 data_num=1 flag=0x00000000 pts=82
valloc packet buffer: mpi_buf_id=177 dma_buf_fd=11 size=0
H264 first bytes: 00 00 00 01 41 e0 02 c0 05 86 05 f3 4d 42 7a 19
encode_release_packet ret=0
MP4 frame 83/100: sequence=87 pts=3280000 us key=0 nv12=4478976 h264=12557 acquire=12.456 ms encode=26.225 ms mux=0.170 ms
start encode NV12 with RV1106 vendor packet ABI, frame=83
encode_put_frame ret=0
encode_get_packet ret=0 handle=0xaec7f958 expected=0xaec7f958
vendor packet: mpi_buf_id=177 len=13532 buf_size=1495040 offset=1347200 data_num=1 flag=0x00000000 pts=83
valloc packet buffer: mpi_buf_id=177 dma_buf_fd=11 size=0
H264 first bytes: 00 00 00 01 41 e0 02 e0 05 c6 05 f0 9d 28 46 43
encode_release_packet ret=0
MP4 frame 84/100: sequence=88 pts=3320000 us key=0 nv12=4478976 h264=13532 acquire=13.111 ms encode=26.909 ms mux=0.184 ms
start encode NV12 with RV1106 vendor packet ABI, frame=84
encode_put_frame ret=0
encode_get_packet ret=0 handle=0xaec7f958 expected=0xaec7f958
vendor packet: mpi_buf_id=177 len=12676 buf_size=1495040 offset=1360768 data_num=1 flag=0x00000000 pts=84
valloc packet buffer: mpi_buf_id=177 dma_buf_fd=11 size=0
H264 first bytes: 00 00 00 01 41 e0 03 00 06 06 05 f0 ec 86 b9 97
encode_release_packet ret=0
MP4 frame 85/100: sequence=89 pts=3360000 us key=0 nv12=4478976 h264=12676 acquire=12.431 ms encode=26.217 ms mux=0.184 ms
start encode NV12 with RV1106 vendor packet ABI, frame=85
encode_put_frame ret=0
encode_get_packet ret=0 handle=0xaec7f958 expected=0xaec7f958
vendor packet: mpi_buf_id=177 len=13571 buf_size=1495040 offset=1373568 data_num=1 flag=0x00000000 pts=85
valloc packet buffer: mpi_buf_id=177 dma_buf_fd=11 size=0
H264 first bytes: 00 00 00 01 41 e0 03 20 06 46 05 f1 b5 85 26 dd
encode_release_packet ret=0
MP4 frame 86/100: sequence=90 pts=3400000 us key=0 nv12=4478976 h264=13571 acquire=13.104 ms encode=26.883 ms mux=0.181 ms
start encode NV12 with RV1106 vendor packet ABI, frame=86
encode_put_frame ret=0
encode_get_packet ret=0 handle=0xaec7f958 expected=0xaec7f958
vendor packet: mpi_buf_id=177 len=13543 buf_size=1495040 offset=1387264 data_num=1 flag=0x00000000 pts=86
valloc packet buffer: mpi_buf_id=177 dma_buf_fd=11 size=0
H264 first bytes: 00 00 00 01 41 e0 03 40 06 86 05 f0 c4 a4 84 27
encode_release_packet ret=0
MP4 frame 87/100: sequence=91 pts=3440000 us key=0 nv12=4478976 h264=13543 acquire=12.450 ms encode=26.217 ms mux=0.983 ms
start encode NV12 with RV1106 vendor packet ABI, frame=87
encode_put_frame ret=0
encode_get_packet ret=0 handle=0xaec7f958 expected=0xaec7f958
vendor packet: mpi_buf_id=177 len=12961 buf_size=1495040 offset=1400832 data_num=1 flag=0x00000000 pts=87
valloc packet buffer: mpi_buf_id=177 dma_buf_fd=11 size=0
H264 first bytes: 00 00 00 01 41 e0 03 60 06 c6 05 f0 47 48 12 89
encode_release_packet ret=0
MP4 frame 88/100: sequence=92 pts=3480000 us key=0 nv12=4478976 h264=12961 acquire=12.323 ms encode=26.920 ms mux=0.186 ms
start encode NV12 with RV1106 vendor packet ABI, frame=88
encode_put_frame ret=0
encode_get_packet ret=0 handle=0xaec7f958 expected=0xaec7f958
vendor packet: mpi_buf_id=177 len=13346 buf_size=1495040 offset=1413888 data_num=1 flag=0x00000000 pts=88
valloc packet buffer: mpi_buf_id=177 dma_buf_fd=11 size=0
H264 first bytes: 00 00 00 01 41 e0 03 80 07 06 05 f0 45 6a 59 d4
encode_release_packet ret=0
MP4 frame 89/100: sequence=93 pts=3520000 us key=0 nv12=4478976 h264=13346 acquire=12.407 ms encode=26.266 ms mux=0.187 ms
start encode NV12 with RV1106 vendor packet ABI, frame=89
encode_put_frame ret=0
encode_get_packet ret=0 handle=0xaec7f958 expected=0xaec7f958
vendor packet: mpi_buf_id=177 len=12880 buf_size=1495040 offset=1427328 data_num=1 flag=0x00000000 pts=89
valloc packet buffer: mpi_buf_id=177 dma_buf_fd=11 size=0
H264 first bytes: 00 00 00 01 41 e0 03 a0 07 46 05 f0 8d 34 27 a3
encode_release_packet ret=0
MP4 frame 90/100: sequence=94 pts=3560000 us key=0 nv12=4478976 h264=12880 acquire=13.039 ms encode=26.842 ms mux=0.180 ms
start encode NV12 with RV1106 vendor packet ABI, frame=90
encode_put_frame ret=0
encode_get_packet ret=0 handle=0xaec7f958 expected=0xaec7f958
vendor packet: mpi_buf_id=177 len=163114 buf_size=1495040 offset=1440256 data_num=1 flag=0x00000010 pts=90
valloc packet buffer: mpi_buf_id=177 dma_buf_fd=11 size=0
H264 first bytes: 00 00 00 01 65 b8 00 01 00 00 03 00 8f 0a 44 88
encode_release_packet ret=0
MP4 frame 91/100: sequence=95 pts=3600000 us key=1 nv12=4478976 h264=163114 acquire=12.485 ms encode=26.228 ms mux=2.668 ms
start encode NV12 with RV1106 vendor packet ABI, frame=91
encode_put_frame ret=0
encode_get_packet ret=0 handle=0xaec7f958 expected=0xaec7f958
vendor packet: mpi_buf_id=177 len=7914 buf_size=1495040 offset=108416 data_num=1 flag=0x00000000 pts=91
valloc packet buffer: mpi_buf_id=177 dma_buf_fd=11 size=0
H264 first bytes: 00 00 00 01 41 e0 00 20 00 46 0b c1 fc cf dd ea
encode_release_packet ret=0
MP4 frame 92/100: sequence=96 pts=3640000 us key=0 nv12=4478976 h264=7914 acquire=10.618 ms encode=26.958 ms mux=0.131 ms
start encode NV12 with RV1106 vendor packet ABI, frame=92
encode_put_frame ret=0
encode_get_packet ret=0 handle=0xaec7f958 expected=0xaec7f958
vendor packet: mpi_buf_id=177 len=6598 buf_size=1495040 offset=116352 data_num=1 flag=0x00000000 pts=92
valloc packet buffer: mpi_buf_id=177 dma_buf_fd=11 size=0
H264 first bytes: 00 00 00 01 41 e0 00 40 00 86 0b c1 fc c7 16 5d
encode_release_packet ret=0
MP4 frame 93/100: sequence=97 pts=3680000 us key=0 nv12=4478976 h264=6598 acquire=12.414 ms encode=26.406 ms mux=0.117 ms
start encode NV12 with RV1106 vendor packet ABI, frame=93
encode_put_frame ret=0
encode_get_packet ret=0 handle=0xaec7f958 expected=0xaec7f958
vendor packet: mpi_buf_id=177 len=9949 buf_size=1495040 offset=123008 data_num=1 flag=0x00000000 pts=93
valloc packet buffer: mpi_buf_id=177 dma_buf_fd=11 size=0
H264 first bytes: 00 00 00 01 41 e0 00 60 00 c6 0f c1 fe 24 c5 de
encode_release_packet ret=0
MP4 frame 94/100: sequence=98 pts=3720000 us key=0 nv12=4478976 h264=9949 acquire=13.001 ms encode=26.781 ms mux=0.148 ms
start encode NV12 with RV1106 vendor packet ABI, frame=94
encode_put_frame ret=0
encode_get_packet ret=0 handle=0xaec7f958 expected=0xaec7f958
vendor packet: mpi_buf_id=177 len=8940 buf_size=1495040 offset=132992 data_num=1 flag=0x00000000 pts=94
valloc packet buffer: mpi_buf_id=177 dma_buf_fd=11 size=0
H264 first bytes: 00 00 00 01 41 e0 00 80 01 06 0f c2 f3 e2 26 c6
encode_release_packet ret=0
MP4 frame 95/100: sequence=99 pts=3760000 us key=0 nv12=4478976 h264=8940 acquire=12.587 ms encode=26.225 ms mux=0.138 ms
start encode NV12 with RV1106 vendor packet ABI, frame=95
encode_put_frame ret=0
encode_get_packet ret=0 handle=0xaec7f958 expected=0xaec7f958
vendor packet: mpi_buf_id=177 len=8478 buf_size=1495040 offset=141952 data_num=1 flag=0x00000000 pts=95
valloc packet buffer: mpi_buf_id=177 dma_buf_fd=11 size=0
H264 first bytes: 00 00 00 01 41 e0 00 a0 01 46 0f c3 79 20 8f 39
encode_release_packet ret=0
MP4 frame 96/100: sequence=100 pts=3800000 us key=0 nv12=4478976 h264=8478 acquire=13.149 ms encode=26.854 ms mux=0.134 ms
start encode NV12 with RV1106 vendor packet ABI, frame=96
encode_put_frame ret=0
encode_get_packet ret=0 handle=0xaec7f958 expected=0xaec7f958
vendor packet: mpi_buf_id=177 len=8080 buf_size=1495040 offset=150528 data_num=1 flag=0x00000000 pts=96
valloc packet buffer: mpi_buf_id=177 dma_buf_fd=11 size=0
H264 first bytes: 00 00 00 01 41 e0 00 c0 01 86 0f c1 34 ce 2a d4
encode_release_packet ret=0
MP4 frame 97/100: sequence=101 pts=3840000 us key=0 nv12=4478976 h264=8080 acquire=12.530 ms encode=26.195 ms mux=0.127 ms
start encode NV12 with RV1106 vendor packet ABI, frame=97
encode_put_frame ret=0
encode_get_packet ret=0 handle=0xaec7f958 expected=0xaec7f958
vendor packet: mpi_buf_id=177 len=10310 buf_size=1495040 offset=158720 data_num=1 flag=0x00000000 pts=97
valloc packet buffer: mpi_buf_id=177 dma_buf_fd=11 size=0
H264 first bytes: 00 00 00 01 41 e0 00 e0 01 c6 04 f0 41 4a eb 2c
encode_release_packet ret=0
MP4 frame 98/100: sequence=102 pts=3880000 us key=0 nv12=4478976 h264=10310 acquire=13.192 ms encode=26.889 ms mux=0.154 ms
start encode NV12 with RV1106 vendor packet ABI, frame=98
encode_put_frame ret=0
encode_get_packet ret=0 handle=0xaec7f958 expected=0xaec7f958
vendor packet: mpi_buf_id=177 len=7551 buf_size=1495040 offset=169088 data_num=1 flag=0x00000000 pts=98
valloc packet buffer: mpi_buf_id=177 dma_buf_fd=11 size=0
H264 first bytes: 00 00 00 01 41 e0 01 00 02 06 0f c1 3e e7 aa 2f
encode_release_packet ret=0
MP4 frame 99/100: sequence=103 pts=3920000 us key=0 nv12=4478976 h264=7551 acquire=12.470 ms encode=26.233 ms mux=0.122 ms
start encode NV12 with RV1106 vendor packet ABI, frame=99
encode_put_frame ret=0
encode_get_packet ret=0 handle=0xaec7f958 expected=0xaec7f958
vendor packet: mpi_buf_id=177 len=9819 buf_size=1495040 offset=176640 data_num=1 flag=0x00000000 pts=99
valloc packet buffer: mpi_buf_id=177 dma_buf_fd=11 size=0
H264 first bytes: 00 00 00 01 41 e0 01 20 02 46 04 f0 49 9a 19 b1
encode_release_packet ret=0
MP4 frame 100/100: sequence=104 pts=3960000 us key=0 nv12=4478976 h264=9819 acquire=13.164 ms encode=26.949 ms mux=0.148 ms
MP4 muxer closed: frames=100 key_frames=4 last_pts=3960000 us

live camera MP4 summary
encoded frames      : 100/100
key frames          : 4
total H264 bytes    : 1674239
sequence gaps       : 0 frame(s)
average acquire wait: 12.690 ms/frame
average encode time : 26.649 ms/frame
average mux time    : 0.297 ms/frame
average packet size : 16742.39 bytes/frame
timeline duration   : 4.000 s
encode-only speed   : 37.52 fps
wall-clock time     : 4.013 s
end-to-end speed    : 24.92 fps
live MP4 saved to   : output_camera_100.mp4
